<html>
<body>
<pre>
<h1>µVision Build Log</h1>
<h2>Tool Versions:</h2>
IDE-Version: ¦ÌVision V5.25.2.0
Copyright (C) 2018 ARM Ltd and ARM Germany GmbH. All rights reserved.
License Information: John Wu, NXP, LIC=UB446-XXDS4-NWJAC-Q0N03-8KHDN-E6BA1
 
Tool Versions:
Toolchain:       MDK-ARM Professional  Version: 5.25.2.0
Toolchain Path:  C:\Keil_v5\ARM\ARMCC\Bin
C Compiler:      Armcc.exe V5.06 update 6 (build 750)
Assembler:       Armasm.exe V5.06 update 6 (build 750)
Linker/Locator:  ArmLink.exe V5.06 update 6 (build 750)
Library Manager: ArmAr.exe V5.06 update 6 (build 750)
Hex Converter:   FromElf.exe V5.06 update 6 (build 750)
CPU DLL:         SARMCM3.DLL V5.25.2.0
Dialog DLL:      DARMCM1.DLL V1.19.1.0
Target DLL:      CMSIS_AGDI.dll V1.29.10.0
Dialog DLL:      TARMCM1.DLL V1.14.0.0
 
<h2>Project:</h2>
C:\Work\LPC\LPC51U68\EZH_keyscan\EZH_KeyScan\keyscan_m0+_150Mhz\keyscan_m0+_150Mhz\keyscan_gpio_lpc541u68.uvprojx
Project File Date:  03/18/2019

<h2>Output:</h2>
*** Using Compiler 'V5.06 update 6 (build 750)', folder: 'C:\Keil_v5\ARM\ARMCC\Bin'
Build Project 'keyscan_gpio_lpc541u68' - Target 'keyscan_gpio_lpc541u68 debug'
compiling board.c...
compiling clock_config.c...
compiling pin_mux.c...
compiling serial_port_uart.c...
compiling generic_list.c...
compiling serial_manager.c...
compiling system_LPC51U68.c...
compiling usart_adapter.c...
compiling fsl_clock.c...
compiling fsl_flexcomm.c...
compiling fsl_common.c...
compiling fsl_gpio.c...
compiling fsl_inputmux.c...
compiling fsl_power.c...
compiling fsl_reset.c...
assembling startup_LPC51U68.s...
compiling gpio_led_output.c...
C:\Work\LPC\LPC51U68\EZH_keyscan\EZH_KeyScan\keyscan_m0+_150Mhz\keyscan_m0+_150Mhz\source\gpio_led_output.c(243): warning:  #174-D: expression has no effect
                  LIB_TRACE("m:%d, n:%d Fcco:%dHz\r\n", M, N, Fcco);
C:\Work\LPC\LPC51U68\EZH_keyscan\EZH_KeyScan\keyscan_m0+_150Mhz\keyscan_m0+_150Mhz\source\gpio_led_output.c(243): warning:  #174-D: expression has no effect
                  LIB_TRACE("m:%d, n:%d Fcco:%dHz\r\n", M, N, Fcco);
C:\Work\LPC\LPC51U68\EZH_keyscan\EZH_KeyScan\keyscan_m0+_150Mhz\keyscan_m0+_150Mhz\source\gpio_led_output.c(243): warning:  #174-D: expression has no effect
                  LIB_TRACE("m:%d, n:%d Fcco:%dHz\r\n", M, N, Fcco);
C:\Work\LPC\LPC51U68\EZH_keyscan\EZH_KeyScan\keyscan_m0+_150Mhz\keyscan_m0+_150Mhz\source\gpio_led_output.c(243): warning:  #174-D: expression has no effect
                  LIB_TRACE("m:%d, n:%d Fcco:%dHz\r\n", M, N, Fcco);
C:\Work\LPC\LPC51U68\EZH_keyscan\EZH_KeyScan\keyscan_m0+_150Mhz\keyscan_m0+_150Mhz\source\gpio_led_output.c(252): warning:  #174-D: expression has no effect
          LIB_TRACE("not found!\r\n");
C:\Work\LPC\LPC51U68\EZH_keyscan\EZH_KeyScan\keyscan_m0+_150Mhz\keyscan_m0+_150Mhz\source\gpio_led_output.c(328): warning:  #223-D: function "POWER_SetVoltageForFreq" declared implicitly
      POWER_SetVoltageForFreq(150*1000*1000);             /*!< Set voltage for the one of the fastest clock outputs: System clock output */
C:\Work\LPC\LPC51U68\EZH_keyscan\EZH_KeyScan\keyscan_m0+_150Mhz\keyscan_m0+_150Mhz\source\gpio_led_output.c(394): warning:  #61-D: integer operation result is out of range
  				KEY_value |= (GPIO_PinRead(GPIO, BOARD_KEY_PORT, KEY_COLUMN_4)& (1<<KEY_COLUMN_4));
C:\Work\LPC\LPC51U68\EZH_keyscan\EZH_KeyScan\keyscan_m0+_150Mhz\keyscan_m0+_150Mhz\source\gpio_led_output.c(394): warning:  #68-D: integer conversion resulted in a change of sign
  				KEY_value |= (GPIO_PinRead(GPIO, BOARD_KEY_PORT, KEY_COLUMN_4)& (1<<KEY_COLUMN_4));
C:\Work\LPC\LPC51U68\EZH_keyscan\EZH_KeyScan\keyscan_m0+_150Mhz\keyscan_m0+_150Mhz\source\gpio_led_output.c(405): warning:  #61-D: integer operation result is out of range
  				KEY_value |= (GPIO_PinRead(GPIO, BOARD_KEY_PORT, KEY_COLUMN_4)& (1<<KEY_COLUMN_4));
C:\Work\LPC\LPC51U68\EZH_keyscan\EZH_KeyScan\keyscan_m0+_150Mhz\keyscan_m0+_150Mhz\source\gpio_led_output.c(405): warning:  #68-D: integer conversion resulted in a change of sign
  				KEY_value |= (GPIO_PinRead(GPIO, BOARD_KEY_PORT, KEY_COLUMN_4)& (1<<KEY_COLUMN_4));
C:\Work\LPC\LPC51U68\EZH_keyscan\EZH_KeyScan\keyscan_m0+_150Mhz\keyscan_m0+_150Mhz\source\gpio_led_output.c(416): warning:  #61-D: integer operation result is out of range
  				KEY_value |= (GPIO_PinRead(GPIO, BOARD_KEY_PORT, KEY_COLUMN_4)& (1<<KEY_COLUMN_4));
C:\Work\LPC\LPC51U68\EZH_keyscan\EZH_KeyScan\keyscan_m0+_150Mhz\keyscan_m0+_150Mhz\source\gpio_led_output.c(416): warning:  #68-D: integer conversion resulted in a change of sign
  				KEY_value |= (GPIO_PinRead(GPIO, BOARD_KEY_PORT, KEY_COLUMN_4)& (1<<KEY_COLUMN_4));
C:\Work\LPC\LPC51U68\EZH_keyscan\EZH_KeyScan\keyscan_m0+_150Mhz\keyscan_m0+_150Mhz\source\gpio_led_output.c(427): warning:  #61-D: integer operation result is out of range
  				KEY_value |= (GPIO_PinRead(GPIO, BOARD_KEY_PORT, KEY_COLUMN_4)& (1<<KEY_COLUMN_4));
C:\Work\LPC\LPC51U68\EZH_keyscan\EZH_KeyScan\keyscan_m0+_150Mhz\keyscan_m0+_150Mhz\source\gpio_led_output.c(427): warning:  #68-D: integer conversion resulted in a change of sign
  				KEY_value |= (GPIO_PinRead(GPIO, BOARD_KEY_PORT, KEY_COLUMN_4)& (1<<KEY_COLUMN_4));
C:\Work\LPC\LPC51U68\EZH_keyscan\EZH_KeyScan\keyscan_m0+_150Mhz\keyscan_m0+_150Mhz\source\gpio_led_output.c(304): warning:  #177-D: variable "port_state"  was declared but never referenced
      uint32_t port_state = 0;
C:\Work\LPC\LPC51U68\EZH_keyscan\EZH_KeyScan\keyscan_m0+_150Mhz\keyscan_m0+_150Mhz\source\gpio_led_output.c(308): warning:  #177-D: variable "led_config"  was declared but never referenced
      gpio_pin_config_t led_config = {
source/gpio_led_output.c: 16 warnings, 0 errors
compiling fsl_usart.c...
compiling fsl_assert.c...
compiling fsl_debug_console.c...
compiling fsl_str.c...
linking...
Program Size: Code=10292 RO-data=520 RW-data=52 ZI-data=2140  
After Build - User command #1: C:\Keil_v5\/ARM/BIN/ElfDwT.exe debug\keyscan_gpio_lpc541u68.out BASEADDRESS(0x0)
ELFDWT - Signature Creator V1.4.0.0
COPYRIGHT Copyright (C) 2014-2018, ARM Ldt. and  ARM Germany GmbH
*** Updated Signature over Range[32] (0x00000000 - 0x00000018): @0x0000001C = 0xDFFEFD6F
*** Processing completed, no Errors.
"debug\keyscan_gpio_lpc541u68.out" - 0 Error(s), 16 Warning(s).

<h2>Software Packages used:</h2>

Package Vendor: NXP
                http://mcuxpresso.nxp.com/cmsis_pack/repo/NXP.LPC51U68_DFP.11.0.0.pack
                NXP.LPC51U68_DFP.11.0.0
                Device Family Pack for LPC51U68

<h2>Collection of Component include folders:</h2>
  .\RTE\_keyscan_gpio_lpc541u68_debug
  C:\Keil_v5\ARM\PACK\NXP\LPC51U68_DFP\11.0.0

<h2>Collection of Component Files used:</h2>
Build Time Elapsed:  00:00:10
</pre>
</body>
</html>
