<!doctype html public "-//w3c//dtd html 4.0 transitional//en">
<html><head>
<title>Static Call Graph - [debug\keyscan_gpio_lpc541u68.out]</title></head>
<body><HR>
<H1>Static Call Graph for image debug\keyscan_gpio_lpc541u68.out</H1><HR>
<BR><P>#&#060CALLGRAPH&#062# ARM Linker, 5060750: Last Updated: Tue Mar 19 11:13:22 2019
<BR><P>
<H3>Maximum Stack Usage =        332 bytes + Unknown(Cycles, Untraceable Function Pointers)</H3><H3>
Call chain for Maximum Stack Depth:</H3>
main &rArr; DbgConsole_Printf &rArr; StrFormatPrintf &rArr; ConvertRadixNumToString &rArr; __aeabi_idivmod &rArr; __aeabi_uidivmod
<P>
<H3>
Mutually Recursive functions
</H3> <LI><a href="#[2]">NMI_Handler</a>&nbsp;&nbsp;&nbsp;&rArr;&nbsp;&nbsp;&nbsp;<a href="#[2]">NMI_Handler</a><BR>
 <LI><a href="#[3]">HardFault_Handler</a>&nbsp;&nbsp;&nbsp;&rArr;&nbsp;&nbsp;&nbsp;<a href="#[3]">HardFault_Handler</a><BR>
 <LI><a href="#[4]">SVC_Handler</a>&nbsp;&nbsp;&nbsp;&rArr;&nbsp;&nbsp;&nbsp;<a href="#[4]">SVC_Handler</a><BR>
 <LI><a href="#[5]">PendSV_Handler</a>&nbsp;&nbsp;&nbsp;&rArr;&nbsp;&nbsp;&nbsp;<a href="#[5]">PendSV_Handler</a><BR>
 <LI><a href="#[6]">SysTick_Handler</a>&nbsp;&nbsp;&nbsp;&rArr;&nbsp;&nbsp;&nbsp;<a href="#[6]">SysTick_Handler</a><BR>
 <LI><a href="#[40]">ADC0_SEQA_DriverIRQHandler</a>&nbsp;&nbsp;&nbsp;&rArr;&nbsp;&nbsp;&nbsp;<a href="#[40]">ADC0_SEQA_DriverIRQHandler</a><BR>
 <LI><a href="#[68]">CLOCK_GetFlexCommClkFreq</a>&nbsp;&nbsp;&nbsp;&rArr;&nbsp;&nbsp;&nbsp;<a href="#[5e]">CLOCK_GetFreq</a><BR>
</UL>
<P>
<H3>
Function Pointers
</H3><UL>
 <LI><a href="#[40]">ADC0_SEQA_DriverIRQHandler</a> from startup_lpc51u68.o(.text) referenced from startup_lpc51u68.o(.text)
 <LI><a href="#[1d]">ADC0_SEQA_IRQHandler</a> from startup_lpc51u68.o(.text) referenced from startup_lpc51u68.o(RESET)
 <LI><a href="#[41]">ADC0_SEQB_DriverIRQHandler</a> from startup_lpc51u68.o(.text) referenced from startup_lpc51u68.o(.text)
 <LI><a href="#[1e]">ADC0_SEQB_IRQHandler</a> from startup_lpc51u68.o(.text) referenced from startup_lpc51u68.o(RESET)
 <LI><a href="#[42]">ADC0_THCMP_DriverIRQHandler</a> from startup_lpc51u68.o(.text) referenced from startup_lpc51u68.o(.text)
 <LI><a href="#[1f]">ADC0_THCMP_IRQHandler</a> from startup_lpc51u68.o(.text) referenced from startup_lpc51u68.o(RESET)
 <LI><a href="#[34]">CTIMER0_DriverIRQHandler</a> from startup_lpc51u68.o(.text) referenced from startup_lpc51u68.o(.text)
 <LI><a href="#[11]">CTIMER0_IRQHandler</a> from startup_lpc51u68.o(.text) referenced from startup_lpc51u68.o(RESET)
 <LI><a href="#[35]">CTIMER1_DriverIRQHandler</a> from startup_lpc51u68.o(.text) referenced from startup_lpc51u68.o(.text)
 <LI><a href="#[12]">CTIMER1_IRQHandler</a> from startup_lpc51u68.o(.text) referenced from startup_lpc51u68.o(RESET)
 <LI><a href="#[37]">CTIMER3_DriverIRQHandler</a> from startup_lpc51u68.o(.text) referenced from startup_lpc51u68.o(.text)
 <LI><a href="#[14]">CTIMER3_IRQHandler</a> from startup_lpc51u68.o(.text) referenced from startup_lpc51u68.o(RESET)
 <LI><a href="#[2b]">DMA0_DriverIRQHandler</a> from startup_lpc51u68.o(.text) referenced from startup_lpc51u68.o(.text)
 <LI><a href="#[8]">DMA0_IRQHandler</a> from startup_lpc51u68.o(.text) referenced from startup_lpc51u68.o(RESET)
 <LI><a href="#[4a]">DbgConsole_PrintCallback</a> from fsl_debug_console.o(i.DbgConsole_PrintCallback) referenced from fsl_debug_console.o(i.DbgConsole_Printf)
 <LI><a href="#[38]">FLEXCOMM0_DriverIRQHandler</a> from fsl_flexcomm.o(i.FLEXCOMM0_DriverIRQHandler) referenced from startup_lpc51u68.o(.text)
 <LI><a href="#[15]">FLEXCOMM0_IRQHandler</a> from startup_lpc51u68.o(.text) referenced from startup_lpc51u68.o(RESET)
 <LI><a href="#[39]">FLEXCOMM1_DriverIRQHandler</a> from fsl_flexcomm.o(i.FLEXCOMM1_DriverIRQHandler) referenced from startup_lpc51u68.o(.text)
 <LI><a href="#[16]">FLEXCOMM1_IRQHandler</a> from startup_lpc51u68.o(.text) referenced from startup_lpc51u68.o(RESET)
 <LI><a href="#[3a]">FLEXCOMM2_DriverIRQHandler</a> from fsl_flexcomm.o(i.FLEXCOMM2_DriverIRQHandler) referenced from startup_lpc51u68.o(.text)
 <LI><a href="#[17]">FLEXCOMM2_IRQHandler</a> from startup_lpc51u68.o(.text) referenced from startup_lpc51u68.o(RESET)
 <LI><a href="#[3b]">FLEXCOMM3_DriverIRQHandler</a> from fsl_flexcomm.o(i.FLEXCOMM3_DriverIRQHandler) referenced from startup_lpc51u68.o(.text)
 <LI><a href="#[18]">FLEXCOMM3_IRQHandler</a> from startup_lpc51u68.o(.text) referenced from startup_lpc51u68.o(RESET)
 <LI><a href="#[3c]">FLEXCOMM4_DriverIRQHandler</a> from fsl_flexcomm.o(i.FLEXCOMM4_DriverIRQHandler) referenced from startup_lpc51u68.o(.text)
 <LI><a href="#[19]">FLEXCOMM4_IRQHandler</a> from startup_lpc51u68.o(.text) referenced from startup_lpc51u68.o(RESET)
 <LI><a href="#[3d]">FLEXCOMM5_DriverIRQHandler</a> from fsl_flexcomm.o(i.FLEXCOMM5_DriverIRQHandler) referenced from startup_lpc51u68.o(.text)
 <LI><a href="#[1a]">FLEXCOMM5_IRQHandler</a> from startup_lpc51u68.o(.text) referenced from startup_lpc51u68.o(RESET)
 <LI><a href="#[3e]">FLEXCOMM6_DriverIRQHandler</a> from fsl_flexcomm.o(i.FLEXCOMM6_DriverIRQHandler) referenced from startup_lpc51u68.o(.text)
 <LI><a href="#[1b]">FLEXCOMM6_IRQHandler</a> from startup_lpc51u68.o(.text) referenced from startup_lpc51u68.o(RESET)
 <LI><a href="#[3f]">FLEXCOMM7_DriverIRQHandler</a> from fsl_flexcomm.o(i.FLEXCOMM7_DriverIRQHandler) referenced from startup_lpc51u68.o(.text)
 <LI><a href="#[1c]">FLEXCOMM7_IRQHandler</a> from startup_lpc51u68.o(.text) referenced from startup_lpc51u68.o(RESET)
 <LI><a href="#[2c]">GINT0_DriverIRQHandler</a> from startup_lpc51u68.o(.text) referenced from startup_lpc51u68.o(.text)
 <LI><a href="#[9]">GINT0_IRQHandler</a> from startup_lpc51u68.o(.text) referenced from startup_lpc51u68.o(RESET)
 <LI><a href="#[2d]">GINT1_DriverIRQHandler</a> from startup_lpc51u68.o(.text) referenced from startup_lpc51u68.o(.text)
 <LI><a href="#[a]">GINT1_IRQHandler</a> from startup_lpc51u68.o(.text) referenced from startup_lpc51u68.o(RESET)
 <LI><a href="#[3]">HardFault_Handler</a> from startup_lpc51u68.o(.text) referenced from startup_lpc51u68.o(RESET)
 <LI><a href="#[33]">MRT0_DriverIRQHandler</a> from startup_lpc51u68.o(.text) referenced from startup_lpc51u68.o(.text)
 <LI><a href="#[10]">MRT0_IRQHandler</a> from startup_lpc51u68.o(.text) referenced from startup_lpc51u68.o(RESET)
 <LI><a href="#[2]">NMI_Handler</a> from startup_lpc51u68.o(.text) referenced from startup_lpc51u68.o(RESET)
 <LI><a href="#[2e]">PIN_INT0_DriverIRQHandler</a> from startup_lpc51u68.o(.text) referenced from startup_lpc51u68.o(.text)
 <LI><a href="#[b]">PIN_INT0_IRQHandler</a> from startup_lpc51u68.o(.text) referenced from startup_lpc51u68.o(RESET)
 <LI><a href="#[2f]">PIN_INT1_DriverIRQHandler</a> from startup_lpc51u68.o(.text) referenced from startup_lpc51u68.o(.text)
 <LI><a href="#[c]">PIN_INT1_IRQHandler</a> from startup_lpc51u68.o(.text) referenced from startup_lpc51u68.o(RESET)
 <LI><a href="#[30]">PIN_INT2_DriverIRQHandler</a> from startup_lpc51u68.o(.text) referenced from startup_lpc51u68.o(.text)
 <LI><a href="#[d]">PIN_INT2_IRQHandler</a> from startup_lpc51u68.o(.text) referenced from startup_lpc51u68.o(RESET)
 <LI><a href="#[31]">PIN_INT3_DriverIRQHandler</a> from startup_lpc51u68.o(.text) referenced from startup_lpc51u68.o(.text)
 <LI><a href="#[e]">PIN_INT3_IRQHandler</a> from startup_lpc51u68.o(.text) referenced from startup_lpc51u68.o(RESET)
 <LI><a href="#[5]">PendSV_Handler</a> from startup_lpc51u68.o(.text) referenced from startup_lpc51u68.o(RESET)
 <LI><a href="#[47]">RTC_DriverIRQHandler</a> from startup_lpc51u68.o(.text) referenced from startup_lpc51u68.o(.text)
 <LI><a href="#[24]">RTC_IRQHandler</a> from startup_lpc51u68.o(.text) referenced from startup_lpc51u68.o(RESET)
 <LI><a href="#[43]">Reserved41_DriverIRQHandler</a> from startup_lpc51u68.o(.text) referenced from startup_lpc51u68.o(.text)
 <LI><a href="#[20]">Reserved41_IRQHandler</a> from startup_lpc51u68.o(.text) referenced from startup_lpc51u68.o(RESET)
 <LI><a href="#[44]">Reserved42_DriverIRQHandler</a> from startup_lpc51u68.o(.text) referenced from startup_lpc51u68.o(.text)
 <LI><a href="#[21]">Reserved42_IRQHandler</a> from startup_lpc51u68.o(.text) referenced from startup_lpc51u68.o(RESET)
 <LI><a href="#[48]">Reserved46_DriverIRQHandler</a> from startup_lpc51u68.o(.text) referenced from startup_lpc51u68.o(.text)
 <LI><a href="#[25]">Reserved46_IRQHandler</a> from startup_lpc51u68.o(.text) referenced from startup_lpc51u68.o(RESET)
 <LI><a href="#[49]">Reserved47_DriverIRQHandler</a> from startup_lpc51u68.o(.text) referenced from startup_lpc51u68.o(.text)
 <LI><a href="#[26]">Reserved47_IRQHandler</a> from startup_lpc51u68.o(.text) referenced from startup_lpc51u68.o(RESET)
 <LI><a href="#[1]">Reset_Handler</a> from startup_lpc51u68.o(.text) referenced from startup_lpc51u68.o(RESET)
 <LI><a href="#[36]">SCT0_DriverIRQHandler</a> from startup_lpc51u68.o(.text) referenced from startup_lpc51u68.o(.text)
 <LI><a href="#[13]">SCT0_IRQHandler</a> from startup_lpc51u68.o(.text) referenced from startup_lpc51u68.o(RESET)
 <LI><a href="#[4]">SVC_Handler</a> from startup_lpc51u68.o(.text) referenced from startup_lpc51u68.o(RESET)
 <LI><a href="#[6]">SysTick_Handler</a> from startup_lpc51u68.o(.text) referenced from startup_lpc51u68.o(RESET)
 <LI><a href="#[28]">SystemInit</a> from system_lpc51u68.o(i.SystemInit) referenced from startup_lpc51u68.o(.text)
 <LI><a href="#[46]">USB0_DriverIRQHandler</a> from startup_lpc51u68.o(.text) referenced from startup_lpc51u68.o(.text)
 <LI><a href="#[23]">USB0_IRQHandler</a> from startup_lpc51u68.o(.text) referenced from startup_lpc51u68.o(RESET)
 <LI><a href="#[45]">USB0_NEEDCLK_DriverIRQHandler</a> from startup_lpc51u68.o(.text) referenced from startup_lpc51u68.o(.text)
 <LI><a href="#[22]">USB0_NEEDCLK_IRQHandler</a> from startup_lpc51u68.o(.text) referenced from startup_lpc51u68.o(RESET)
 <LI><a href="#[32]">UTICK0_DriverIRQHandler</a> from startup_lpc51u68.o(.text) referenced from startup_lpc51u68.o(.text)
 <LI><a href="#[f]">UTICK0_IRQHandler</a> from startup_lpc51u68.o(.text) referenced from startup_lpc51u68.o(RESET)
 <LI><a href="#[2a]">WDT_BOD_DriverIRQHandler</a> from startup_lpc51u68.o(.text) referenced from startup_lpc51u68.o(.text)
 <LI><a href="#[7]">WDT_BOD_IRQHandler</a> from startup_lpc51u68.o(.text) referenced from startup_lpc51u68.o(RESET)
 <LI><a href="#[29]">__main</a> from entry.o(.ARM.Collect$$$$00000000) referenced from startup_lpc51u68.o(.text)
 <LI><a href="#[27]">main</a> from gpio_led_output.o(i.main) referenced from entry9a.o(.ARM.Collect$$$$0000000B)
</UL>
<P>
<H3>
Global Symbols
</H3>
<P><STRONG><a name="[29]"></a>__main</STRONG> (Thumb, 0 bytes, Stack size unknown bytes, entry.o(.ARM.Collect$$$$00000000))
<BR>[Address Reference Count : 1]<UL><LI> startup_lpc51u68.o(.text)
</UL>
<P><STRONG><a name="[87]"></a>_main_stk</STRONG> (Thumb, 0 bytes, Stack size unknown bytes, entry4.o(.ARM.Collect$$$$00000003))

<P><STRONG><a name="[4b]"></a>_main_scatterload</STRONG> (Thumb, 0 bytes, Stack size unknown bytes, entry5.o(.ARM.Collect$$$$00000004))
<BR><BR>[Calls]<UL><LI><a href="#[4c]">&gt;&gt;</a>&nbsp;&nbsp;&nbsp;__scatterload
</UL>

<P><STRONG><a name="[55]"></a>__main_after_scatterload</STRONG> (Thumb, 0 bytes, Stack size unknown bytes, entry5.o(.ARM.Collect$$$$00000004))
<BR><BR>[Called By]<UL><LI><a href="#[4c]">&gt;&gt;</a>&nbsp;&nbsp;&nbsp;__scatterload
</UL>

<P><STRONG><a name="[88]"></a>_main_clock</STRONG> (Thumb, 0 bytes, Stack size unknown bytes, entry7b.o(.ARM.Collect$$$$00000008))

<P><STRONG><a name="[89]"></a>_main_cpp_init</STRONG> (Thumb, 0 bytes, Stack size unknown bytes, entry8b.o(.ARM.Collect$$$$0000000A))

<P><STRONG><a name="[8a]"></a>_main_init</STRONG> (Thumb, 0 bytes, Stack size unknown bytes, entry9a.o(.ARM.Collect$$$$0000000B))

<P><STRONG><a name="[8b]"></a>__rt_final_cpp</STRONG> (Thumb, 0 bytes, Stack size unknown bytes, entry10a.o(.ARM.Collect$$$$0000000D))

<P><STRONG><a name="[8c]"></a>__rt_final_exit</STRONG> (Thumb, 0 bytes, Stack size unknown bytes, entry11a.o(.ARM.Collect$$$$0000000F))

<P><STRONG><a name="[1]"></a>Reset_Handler</STRONG> (Thumb, 8 bytes, Stack size 0 bytes, startup_lpc51u68.o(.text))
<BR>[Address Reference Count : 1]<UL><LI> startup_lpc51u68.o(RESET)
</UL>
<P><STRONG><a name="[2]"></a>NMI_Handler</STRONG> (Thumb, 2 bytes, Stack size 0 bytes, startup_lpc51u68.o(.text))
<BR><BR>[Calls]<UL><LI><a href="#[2]">&gt;&gt;</a>&nbsp;&nbsp;&nbsp;NMI_Handler
</UL>
<BR>[Called By]<UL><LI><a href="#[2]">&gt;&gt;</a>&nbsp;&nbsp;&nbsp;NMI_Handler
</UL>
<BR>[Address Reference Count : 1]<UL><LI> startup_lpc51u68.o(RESET)
</UL>
<P><STRONG><a name="[3]"></a>HardFault_Handler</STRONG> (Thumb, 2 bytes, Stack size 0 bytes, startup_lpc51u68.o(.text))
<BR><BR>[Calls]<UL><LI><a href="#[3]">&gt;&gt;</a>&nbsp;&nbsp;&nbsp;HardFault_Handler
</UL>
<BR>[Called By]<UL><LI><a href="#[3]">&gt;&gt;</a>&nbsp;&nbsp;&nbsp;HardFault_Handler
</UL>
<BR>[Address Reference Count : 1]<UL><LI> startup_lpc51u68.o(RESET)
</UL>
<P><STRONG><a name="[4]"></a>SVC_Handler</STRONG> (Thumb, 2 bytes, Stack size 0 bytes, startup_lpc51u68.o(.text))
<BR><BR>[Calls]<UL><LI><a href="#[4]">&gt;&gt;</a>&nbsp;&nbsp;&nbsp;SVC_Handler
</UL>
<BR>[Called By]<UL><LI><a href="#[4]">&gt;&gt;</a>&nbsp;&nbsp;&nbsp;SVC_Handler
</UL>
<BR>[Address Reference Count : 1]<UL><LI> startup_lpc51u68.o(RESET)
</UL>
<P><STRONG><a name="[5]"></a>PendSV_Handler</STRONG> (Thumb, 2 bytes, Stack size 0 bytes, startup_lpc51u68.o(.text))
<BR><BR>[Calls]<UL><LI><a href="#[5]">&gt;&gt;</a>&nbsp;&nbsp;&nbsp;PendSV_Handler
</UL>
<BR>[Called By]<UL><LI><a href="#[5]">&gt;&gt;</a>&nbsp;&nbsp;&nbsp;PendSV_Handler
</UL>
<BR>[Address Reference Count : 1]<UL><LI> startup_lpc51u68.o(RESET)
</UL>
<P><STRONG><a name="[6]"></a>SysTick_Handler</STRONG> (Thumb, 2 bytes, Stack size 0 bytes, startup_lpc51u68.o(.text))
<BR><BR>[Calls]<UL><LI><a href="#[6]">&gt;&gt;</a>&nbsp;&nbsp;&nbsp;SysTick_Handler
</UL>
<BR>[Called By]<UL><LI><a href="#[6]">&gt;&gt;</a>&nbsp;&nbsp;&nbsp;SysTick_Handler
</UL>
<BR>[Address Reference Count : 1]<UL><LI> startup_lpc51u68.o(RESET)
</UL>
<P><STRONG><a name="[7]"></a>WDT_BOD_IRQHandler</STRONG> (Thumb, 4 bytes, Stack size 0 bytes, startup_lpc51u68.o(.text))
<BR>[Address Reference Count : 1]<UL><LI> startup_lpc51u68.o(RESET)
</UL>
<P><STRONG><a name="[8]"></a>DMA0_IRQHandler</STRONG> (Thumb, 4 bytes, Stack size 0 bytes, startup_lpc51u68.o(.text))
<BR>[Address Reference Count : 1]<UL><LI> startup_lpc51u68.o(RESET)
</UL>
<P><STRONG><a name="[9]"></a>GINT0_IRQHandler</STRONG> (Thumb, 4 bytes, Stack size 0 bytes, startup_lpc51u68.o(.text))
<BR>[Address Reference Count : 1]<UL><LI> startup_lpc51u68.o(RESET)
</UL>
<P><STRONG><a name="[a]"></a>GINT1_IRQHandler</STRONG> (Thumb, 4 bytes, Stack size 0 bytes, startup_lpc51u68.o(.text))
<BR>[Address Reference Count : 1]<UL><LI> startup_lpc51u68.o(RESET)
</UL>
<P><STRONG><a name="[b]"></a>PIN_INT0_IRQHandler</STRONG> (Thumb, 4 bytes, Stack size 0 bytes, startup_lpc51u68.o(.text))
<BR>[Address Reference Count : 1]<UL><LI> startup_lpc51u68.o(RESET)
</UL>
<P><STRONG><a name="[c]"></a>PIN_INT1_IRQHandler</STRONG> (Thumb, 4 bytes, Stack size 0 bytes, startup_lpc51u68.o(.text))
<BR>[Address Reference Count : 1]<UL><LI> startup_lpc51u68.o(RESET)
</UL>
<P><STRONG><a name="[d]"></a>PIN_INT2_IRQHandler</STRONG> (Thumb, 4 bytes, Stack size 0 bytes, startup_lpc51u68.o(.text))
<BR>[Address Reference Count : 1]<UL><LI> startup_lpc51u68.o(RESET)
</UL>
<P><STRONG><a name="[e]"></a>PIN_INT3_IRQHandler</STRONG> (Thumb, 4 bytes, Stack size 0 bytes, startup_lpc51u68.o(.text))
<BR>[Address Reference Count : 1]<UL><LI> startup_lpc51u68.o(RESET)
</UL>
<P><STRONG><a name="[f]"></a>UTICK0_IRQHandler</STRONG> (Thumb, 4 bytes, Stack size 0 bytes, startup_lpc51u68.o(.text))
<BR>[Address Reference Count : 1]<UL><LI> startup_lpc51u68.o(RESET)
</UL>
<P><STRONG><a name="[10]"></a>MRT0_IRQHandler</STRONG> (Thumb, 4 bytes, Stack size 0 bytes, startup_lpc51u68.o(.text))
<BR>[Address Reference Count : 1]<UL><LI> startup_lpc51u68.o(RESET)
</UL>
<P><STRONG><a name="[11]"></a>CTIMER0_IRQHandler</STRONG> (Thumb, 4 bytes, Stack size 0 bytes, startup_lpc51u68.o(.text))
<BR>[Address Reference Count : 1]<UL><LI> startup_lpc51u68.o(RESET)
</UL>
<P><STRONG><a name="[12]"></a>CTIMER1_IRQHandler</STRONG> (Thumb, 4 bytes, Stack size 0 bytes, startup_lpc51u68.o(.text))
<BR>[Address Reference Count : 1]<UL><LI> startup_lpc51u68.o(RESET)
</UL>
<P><STRONG><a name="[13]"></a>SCT0_IRQHandler</STRONG> (Thumb, 4 bytes, Stack size 0 bytes, startup_lpc51u68.o(.text))
<BR>[Address Reference Count : 1]<UL><LI> startup_lpc51u68.o(RESET)
</UL>
<P><STRONG><a name="[14]"></a>CTIMER3_IRQHandler</STRONG> (Thumb, 4 bytes, Stack size 0 bytes, startup_lpc51u68.o(.text))
<BR>[Address Reference Count : 1]<UL><LI> startup_lpc51u68.o(RESET)
</UL>
<P><STRONG><a name="[15]"></a>FLEXCOMM0_IRQHandler</STRONG> (Thumb, 4 bytes, Stack size 0 bytes, startup_lpc51u68.o(.text))
<BR>[Address Reference Count : 1]<UL><LI> startup_lpc51u68.o(RESET)
</UL>
<P><STRONG><a name="[16]"></a>FLEXCOMM1_IRQHandler</STRONG> (Thumb, 4 bytes, Stack size 0 bytes, startup_lpc51u68.o(.text))
<BR>[Address Reference Count : 1]<UL><LI> startup_lpc51u68.o(RESET)
</UL>
<P><STRONG><a name="[17]"></a>FLEXCOMM2_IRQHandler</STRONG> (Thumb, 4 bytes, Stack size 0 bytes, startup_lpc51u68.o(.text))
<BR>[Address Reference Count : 1]<UL><LI> startup_lpc51u68.o(RESET)
</UL>
<P><STRONG><a name="[18]"></a>FLEXCOMM3_IRQHandler</STRONG> (Thumb, 4 bytes, Stack size 0 bytes, startup_lpc51u68.o(.text))
<BR>[Address Reference Count : 1]<UL><LI> startup_lpc51u68.o(RESET)
</UL>
<P><STRONG><a name="[19]"></a>FLEXCOMM4_IRQHandler</STRONG> (Thumb, 4 bytes, Stack size 0 bytes, startup_lpc51u68.o(.text))
<BR>[Address Reference Count : 1]<UL><LI> startup_lpc51u68.o(RESET)
</UL>
<P><STRONG><a name="[1a]"></a>FLEXCOMM5_IRQHandler</STRONG> (Thumb, 4 bytes, Stack size 0 bytes, startup_lpc51u68.o(.text))
<BR>[Address Reference Count : 1]<UL><LI> startup_lpc51u68.o(RESET)
</UL>
<P><STRONG><a name="[1b]"></a>FLEXCOMM6_IRQHandler</STRONG> (Thumb, 4 bytes, Stack size 0 bytes, startup_lpc51u68.o(.text))
<BR>[Address Reference Count : 1]<UL><LI> startup_lpc51u68.o(RESET)
</UL>
<P><STRONG><a name="[1c]"></a>FLEXCOMM7_IRQHandler</STRONG> (Thumb, 4 bytes, Stack size 0 bytes, startup_lpc51u68.o(.text))
<BR>[Address Reference Count : 1]<UL><LI> startup_lpc51u68.o(RESET)
</UL>
<P><STRONG><a name="[1d]"></a>ADC0_SEQA_IRQHandler</STRONG> (Thumb, 4 bytes, Stack size 0 bytes, startup_lpc51u68.o(.text))
<BR>[Address Reference Count : 1]<UL><LI> startup_lpc51u68.o(RESET)
</UL>
<P><STRONG><a name="[1e]"></a>ADC0_SEQB_IRQHandler</STRONG> (Thumb, 4 bytes, Stack size 0 bytes, startup_lpc51u68.o(.text))
<BR>[Address Reference Count : 1]<UL><LI> startup_lpc51u68.o(RESET)
</UL>
<P><STRONG><a name="[1f]"></a>ADC0_THCMP_IRQHandler</STRONG> (Thumb, 4 bytes, Stack size 0 bytes, startup_lpc51u68.o(.text))
<BR>[Address Reference Count : 1]<UL><LI> startup_lpc51u68.o(RESET)
</UL>
<P><STRONG><a name="[20]"></a>Reserved41_IRQHandler</STRONG> (Thumb, 4 bytes, Stack size 0 bytes, startup_lpc51u68.o(.text))
<BR>[Address Reference Count : 1]<UL><LI> startup_lpc51u68.o(RESET)
</UL>
<P><STRONG><a name="[21]"></a>Reserved42_IRQHandler</STRONG> (Thumb, 4 bytes, Stack size 0 bytes, startup_lpc51u68.o(.text))
<BR>[Address Reference Count : 1]<UL><LI> startup_lpc51u68.o(RESET)
</UL>
<P><STRONG><a name="[22]"></a>USB0_NEEDCLK_IRQHandler</STRONG> (Thumb, 4 bytes, Stack size 0 bytes, startup_lpc51u68.o(.text))
<BR>[Address Reference Count : 1]<UL><LI> startup_lpc51u68.o(RESET)
</UL>
<P><STRONG><a name="[23]"></a>USB0_IRQHandler</STRONG> (Thumb, 4 bytes, Stack size 0 bytes, startup_lpc51u68.o(.text))
<BR>[Address Reference Count : 1]<UL><LI> startup_lpc51u68.o(RESET)
</UL>
<P><STRONG><a name="[24]"></a>RTC_IRQHandler</STRONG> (Thumb, 4 bytes, Stack size 0 bytes, startup_lpc51u68.o(.text))
<BR>[Address Reference Count : 1]<UL><LI> startup_lpc51u68.o(RESET)
</UL>
<P><STRONG><a name="[25]"></a>Reserved46_IRQHandler</STRONG> (Thumb, 4 bytes, Stack size 0 bytes, startup_lpc51u68.o(.text))
<BR>[Address Reference Count : 1]<UL><LI> startup_lpc51u68.o(RESET)
</UL>
<P><STRONG><a name="[26]"></a>Reserved47_IRQHandler</STRONG> (Thumb, 4 bytes, Stack size 0 bytes, startup_lpc51u68.o(.text))
<BR>[Address Reference Count : 1]<UL><LI> startup_lpc51u68.o(RESET)
</UL>
<P><STRONG><a name="[40]"></a>ADC0_SEQA_DriverIRQHandler</STRONG> (Thumb, 0 bytes, Stack size 0 bytes, startup_lpc51u68.o(.text))
<BR><BR>[Calls]<UL><LI><a href="#[40]">&gt;&gt;</a>&nbsp;&nbsp;&nbsp;ADC0_SEQA_DriverIRQHandler
</UL>
<BR>[Called By]<UL><LI><a href="#[40]">&gt;&gt;</a>&nbsp;&nbsp;&nbsp;ADC0_SEQA_DriverIRQHandler
</UL>
<BR>[Address Reference Count : 1]<UL><LI> startup_lpc51u68.o(.text)
</UL>
<P><STRONG><a name="[41]"></a>ADC0_SEQB_DriverIRQHandler</STRONG> (Thumb, 0 bytes, Stack size 0 bytes, startup_lpc51u68.o(.text))
<BR>[Address Reference Count : 1]<UL><LI> startup_lpc51u68.o(.text)
</UL>
<P><STRONG><a name="[42]"></a>ADC0_THCMP_DriverIRQHandler</STRONG> (Thumb, 0 bytes, Stack size 0 bytes, startup_lpc51u68.o(.text))
<BR>[Address Reference Count : 1]<UL><LI> startup_lpc51u68.o(.text)
</UL>
<P><STRONG><a name="[34]"></a>CTIMER0_DriverIRQHandler</STRONG> (Thumb, 0 bytes, Stack size 0 bytes, startup_lpc51u68.o(.text))
<BR>[Address Reference Count : 1]<UL><LI> startup_lpc51u68.o(.text)
</UL>
<P><STRONG><a name="[35]"></a>CTIMER1_DriverIRQHandler</STRONG> (Thumb, 0 bytes, Stack size 0 bytes, startup_lpc51u68.o(.text))
<BR>[Address Reference Count : 1]<UL><LI> startup_lpc51u68.o(.text)
</UL>
<P><STRONG><a name="[37]"></a>CTIMER3_DriverIRQHandler</STRONG> (Thumb, 0 bytes, Stack size 0 bytes, startup_lpc51u68.o(.text))
<BR>[Address Reference Count : 1]<UL><LI> startup_lpc51u68.o(.text)
</UL>
<P><STRONG><a name="[2b]"></a>DMA0_DriverIRQHandler</STRONG> (Thumb, 0 bytes, Stack size 0 bytes, startup_lpc51u68.o(.text))
<BR>[Address Reference Count : 1]<UL><LI> startup_lpc51u68.o(.text)
</UL>
<P><STRONG><a name="[2c]"></a>GINT0_DriverIRQHandler</STRONG> (Thumb, 0 bytes, Stack size 0 bytes, startup_lpc51u68.o(.text))
<BR>[Address Reference Count : 1]<UL><LI> startup_lpc51u68.o(.text)
</UL>
<P><STRONG><a name="[2d]"></a>GINT1_DriverIRQHandler</STRONG> (Thumb, 0 bytes, Stack size 0 bytes, startup_lpc51u68.o(.text))
<BR>[Address Reference Count : 1]<UL><LI> startup_lpc51u68.o(.text)
</UL>
<P><STRONG><a name="[33]"></a>MRT0_DriverIRQHandler</STRONG> (Thumb, 0 bytes, Stack size 0 bytes, startup_lpc51u68.o(.text))
<BR>[Address Reference Count : 1]<UL><LI> startup_lpc51u68.o(.text)
</UL>
<P><STRONG><a name="[2e]"></a>PIN_INT0_DriverIRQHandler</STRONG> (Thumb, 0 bytes, Stack size 0 bytes, startup_lpc51u68.o(.text))
<BR>[Address Reference Count : 1]<UL><LI> startup_lpc51u68.o(.text)
</UL>
<P><STRONG><a name="[2f]"></a>PIN_INT1_DriverIRQHandler</STRONG> (Thumb, 0 bytes, Stack size 0 bytes, startup_lpc51u68.o(.text))
<BR>[Address Reference Count : 1]<UL><LI> startup_lpc51u68.o(.text)
</UL>
<P><STRONG><a name="[30]"></a>PIN_INT2_DriverIRQHandler</STRONG> (Thumb, 0 bytes, Stack size 0 bytes, startup_lpc51u68.o(.text))
<BR>[Address Reference Count : 1]<UL><LI> startup_lpc51u68.o(.text)
</UL>
<P><STRONG><a name="[31]"></a>PIN_INT3_DriverIRQHandler</STRONG> (Thumb, 0 bytes, Stack size 0 bytes, startup_lpc51u68.o(.text))
<BR>[Address Reference Count : 1]<UL><LI> startup_lpc51u68.o(.text)
</UL>
<P><STRONG><a name="[47]"></a>RTC_DriverIRQHandler</STRONG> (Thumb, 0 bytes, Stack size 0 bytes, startup_lpc51u68.o(.text))
<BR>[Address Reference Count : 1]<UL><LI> startup_lpc51u68.o(.text)
</UL>
<P><STRONG><a name="[43]"></a>Reserved41_DriverIRQHandler</STRONG> (Thumb, 0 bytes, Stack size 0 bytes, startup_lpc51u68.o(.text))
<BR>[Address Reference Count : 1]<UL><LI> startup_lpc51u68.o(.text)
</UL>
<P><STRONG><a name="[44]"></a>Reserved42_DriverIRQHandler</STRONG> (Thumb, 0 bytes, Stack size 0 bytes, startup_lpc51u68.o(.text))
<BR>[Address Reference Count : 1]<UL><LI> startup_lpc51u68.o(.text)
</UL>
<P><STRONG><a name="[48]"></a>Reserved46_DriverIRQHandler</STRONG> (Thumb, 0 bytes, Stack size 0 bytes, startup_lpc51u68.o(.text))
<BR>[Address Reference Count : 1]<UL><LI> startup_lpc51u68.o(.text)
</UL>
<P><STRONG><a name="[49]"></a>Reserved47_DriverIRQHandler</STRONG> (Thumb, 0 bytes, Stack size 0 bytes, startup_lpc51u68.o(.text))
<BR>[Address Reference Count : 1]<UL><LI> startup_lpc51u68.o(.text)
</UL>
<P><STRONG><a name="[36]"></a>SCT0_DriverIRQHandler</STRONG> (Thumb, 0 bytes, Stack size 0 bytes, startup_lpc51u68.o(.text))
<BR>[Address Reference Count : 1]<UL><LI> startup_lpc51u68.o(.text)
</UL>
<P><STRONG><a name="[46]"></a>USB0_DriverIRQHandler</STRONG> (Thumb, 0 bytes, Stack size 0 bytes, startup_lpc51u68.o(.text))
<BR>[Address Reference Count : 1]<UL><LI> startup_lpc51u68.o(.text)
</UL>
<P><STRONG><a name="[45]"></a>USB0_NEEDCLK_DriverIRQHandler</STRONG> (Thumb, 0 bytes, Stack size 0 bytes, startup_lpc51u68.o(.text))
<BR>[Address Reference Count : 1]<UL><LI> startup_lpc51u68.o(.text)
</UL>
<P><STRONG><a name="[32]"></a>UTICK0_DriverIRQHandler</STRONG> (Thumb, 0 bytes, Stack size 0 bytes, startup_lpc51u68.o(.text))
<BR>[Address Reference Count : 1]<UL><LI> startup_lpc51u68.o(.text)
</UL>
<P><STRONG><a name="[2a]"></a>WDT_BOD_DriverIRQHandler</STRONG> (Thumb, 0 bytes, Stack size 0 bytes, startup_lpc51u68.o(.text))
<BR>[Address Reference Count : 1]<UL><LI> startup_lpc51u68.o(.text)
</UL>
<P><STRONG><a name="[8d]"></a>__aeabi_uidiv</STRONG> (Thumb, 0 bytes, Stack size 12 bytes, uidiv.o(.text), UNUSED)

<P><STRONG><a name="[4e]"></a>__aeabi_uidivmod</STRONG> (Thumb, 44 bytes, Stack size 12 bytes, uidiv.o(.text))
<BR><BR>[Stack]<UL><LI>Max Depth = 12<LI>Call Chain = __aeabi_uidivmod
</UL>
<BR>[Called By]<UL><LI><a href="#[65]">&gt;&gt;</a>&nbsp;&nbsp;&nbsp;CLOCK_GetWdtOscFreq
<LI><a href="#[5e]">&gt;&gt;</a>&nbsp;&nbsp;&nbsp;CLOCK_GetFreq
<LI><a href="#[4d]">&gt;&gt;</a>&nbsp;&nbsp;&nbsp;__aeabi_idivmod
<LI><a href="#[6c]">&gt;&gt;</a>&nbsp;&nbsp;&nbsp;ConvertRadixNumToString
<LI><a href="#[84]">&gt;&gt;</a>&nbsp;&nbsp;&nbsp;USART_SetBaudRate
</UL>

<P><STRONG><a name="[8e]"></a>__aeabi_idiv</STRONG> (Thumb, 0 bytes, Stack size 16 bytes, idiv.o(.text), UNUSED)

<P><STRONG><a name="[4d]"></a>__aeabi_idivmod</STRONG> (Thumb, 40 bytes, Stack size 16 bytes, idiv.o(.text))
<BR><BR>[Stack]<UL><LI>Max Depth = 28<LI>Call Chain = __aeabi_idivmod &rArr; __aeabi_uidivmod
</UL>
<BR>[Calls]<UL><LI><a href="#[4e]">&gt;&gt;</a>&nbsp;&nbsp;&nbsp;__aeabi_uidivmod
</UL>
<BR>[Called By]<UL><LI><a href="#[6c]">&gt;&gt;</a>&nbsp;&nbsp;&nbsp;ConvertRadixNumToString
</UL>

<P><STRONG><a name="[4f]"></a>__aeabi_uldivmod</STRONG> (Thumb, 96 bytes, Stack size 48 bytes, uldiv.o(.text))
<BR><BR>[Stack]<UL><LI>Max Depth = 56<LI>Call Chain = __aeabi_uldivmod &rArr; __aeabi_llsr
</UL>
<BR>[Calls]<UL><LI><a href="#[50]">&gt;&gt;</a>&nbsp;&nbsp;&nbsp;__aeabi_llsr
<LI><a href="#[51]">&gt;&gt;</a>&nbsp;&nbsp;&nbsp;__aeabi_llsl
</UL>
<BR>[Called By]<UL><LI><a href="#[5e]">&gt;&gt;</a>&nbsp;&nbsp;&nbsp;CLOCK_GetFreq
</UL>

<P><STRONG><a name="[53]"></a>__aeabi_memset</STRONG> (Thumb, 14 bytes, Stack size 0 bytes, memseta.o(.text))
<BR><BR>[Called By]<UL><LI><a href="#[54]">&gt;&gt;</a>&nbsp;&nbsp;&nbsp;_memset$wrapper
<LI><a href="#[52]">&gt;&gt;</a>&nbsp;&nbsp;&nbsp;__aeabi_memclr
</UL>

<P><STRONG><a name="[8f]"></a>__aeabi_memset4</STRONG> (Thumb, 0 bytes, Stack size 0 bytes, memseta.o(.text), UNUSED)

<P><STRONG><a name="[90]"></a>__aeabi_memset8</STRONG> (Thumb, 0 bytes, Stack size 0 bytes, memseta.o(.text), UNUSED)

<P><STRONG><a name="[52]"></a>__aeabi_memclr</STRONG> (Thumb, 4 bytes, Stack size 0 bytes, memseta.o(.text))
<BR><BR>[Calls]<UL><LI><a href="#[53]">&gt;&gt;</a>&nbsp;&nbsp;&nbsp;__aeabi_memset
</UL>
<BR>[Called By]<UL><LI><a href="#[6f]">&gt;&gt;</a>&nbsp;&nbsp;&nbsp;SerialManager_OpenWriteHandle
<LI><a href="#[70]">&gt;&gt;</a>&nbsp;&nbsp;&nbsp;SerialManager_OpenReadHandle
</UL>

<P><STRONG><a name="[6d]"></a>__aeabi_memclr4</STRONG> (Thumb, 0 bytes, Stack size 0 bytes, memseta.o(.text))
<BR><BR>[Called By]<UL><LI><a href="#[5f]">&gt;&gt;</a>&nbsp;&nbsp;&nbsp;DbgConsole_Init
<LI><a href="#[72]">&gt;&gt;</a>&nbsp;&nbsp;&nbsp;DbgConsole_Printf
</UL>

<P><STRONG><a name="[91]"></a>__aeabi_memclr8</STRONG> (Thumb, 0 bytes, Stack size 0 bytes, memseta.o(.text), UNUSED)

<P><STRONG><a name="[54]"></a>_memset$wrapper</STRONG> (Thumb, 18 bytes, Stack size 8 bytes, memseta.o(.text), UNUSED)
<BR><BR>[Calls]<UL><LI><a href="#[53]">&gt;&gt;</a>&nbsp;&nbsp;&nbsp;__aeabi_memset
</UL>

<P><STRONG><a name="[83]"></a>strlen</STRONG> (Thumb, 14 bytes, Stack size 0 bytes, strlen.o(.text))
<BR><BR>[Called By]<UL><LI><a href="#[73]">&gt;&gt;</a>&nbsp;&nbsp;&nbsp;StrFormatPrintf
</UL>

<P><STRONG><a name="[51]"></a>__aeabi_llsl</STRONG> (Thumb, 32 bytes, Stack size 8 bytes, llshl.o(.text))
<BR><BR>[Stack]<UL><LI>Max Depth = 8<LI>Call Chain = __aeabi_llsl
</UL>
<BR>[Called By]<UL><LI><a href="#[4f]">&gt;&gt;</a>&nbsp;&nbsp;&nbsp;__aeabi_uldivmod
</UL>

<P><STRONG><a name="[92]"></a>_ll_shift_l</STRONG> (Thumb, 0 bytes, Stack size 8 bytes, llshl.o(.text), UNUSED)

<P><STRONG><a name="[50]"></a>__aeabi_llsr</STRONG> (Thumb, 34 bytes, Stack size 8 bytes, llushr.o(.text))
<BR><BR>[Stack]<UL><LI>Max Depth = 8<LI>Call Chain = __aeabi_llsr
</UL>
<BR>[Called By]<UL><LI><a href="#[4f]">&gt;&gt;</a>&nbsp;&nbsp;&nbsp;__aeabi_uldivmod
</UL>

<P><STRONG><a name="[93]"></a>_ll_ushift_r</STRONG> (Thumb, 0 bytes, Stack size 8 bytes, llushr.o(.text), UNUSED)

<P><STRONG><a name="[4c]"></a>__scatterload</STRONG> (Thumb, 28 bytes, Stack size 0 bytes, init.o(.text))
<BR><BR>[Calls]<UL><LI><a href="#[55]">&gt;&gt;</a>&nbsp;&nbsp;&nbsp;__main_after_scatterload
</UL>
<BR>[Called By]<UL><LI><a href="#[4b]">&gt;&gt;</a>&nbsp;&nbsp;&nbsp;_main_scatterload
</UL>

<P><STRONG><a name="[94]"></a>__scatterload_rt2</STRONG> (Thumb, 0 bytes, Stack size 0 bytes, init.o(.text), UNUSED)

<P><STRONG><a name="[56]"></a>BOARD_BootClockFROHF96M</STRONG> (Thumb, 76 bytes, Stack size 8 bytes, clock_config.o(i.BOARD_BootClockFROHF96M))
<BR><BR>[Stack]<UL><LI>Max Depth = 24<LI>Call Chain = BOARD_BootClockFROHF96M &rArr; POWER_SetVoltageForFreq &rArr; POWER_setVdLevel
</UL>
<BR>[Calls]<UL><LI><a href="#[58]">&gt;&gt;</a>&nbsp;&nbsp;&nbsp;POWER_SetVoltageForFreq
<LI><a href="#[5a]">&gt;&gt;</a>&nbsp;&nbsp;&nbsp;CLOCK_SetupFROClocking
<LI><a href="#[59]">&gt;&gt;</a>&nbsp;&nbsp;&nbsp;CLOCK_SetFLASHAccessCyclesForFreq
<LI><a href="#[5b]">&gt;&gt;</a>&nbsp;&nbsp;&nbsp;CLOCK_SetClkDiv
<LI><a href="#[57]">&gt;&gt;</a>&nbsp;&nbsp;&nbsp;CLOCK_AttachClk
</UL>
<BR>[Called By]<UL><LI><a href="#[27]">&gt;&gt;</a>&nbsp;&nbsp;&nbsp;main
</UL>

<P><STRONG><a name="[5c]"></a>BOARD_InitDebugConsole</STRONG> (Thumb, 46 bytes, Stack size 8 bytes, board.o(i.BOARD_InitDebugConsole))
<BR><BR>[Stack]<UL><LI>Max Depth = 204<LI>Call Chain = BOARD_InitDebugConsole &rArr; DbgConsole_Init &rArr; SerialManager_Init &rArr; Serial_UartInit &rArr; HAL_UartInit &rArr; USART_Init &rArr; USART_SetBaudRate &rArr; __aeabi_uidivmod
</UL>
<BR>[Calls]<UL><LI><a href="#[5d]">&gt;&gt;</a>&nbsp;&nbsp;&nbsp;RESET_PeripheralReset
<LI><a href="#[5f]">&gt;&gt;</a>&nbsp;&nbsp;&nbsp;DbgConsole_Init
<LI><a href="#[5e]">&gt;&gt;</a>&nbsp;&nbsp;&nbsp;CLOCK_GetFreq
<LI><a href="#[57]">&gt;&gt;</a>&nbsp;&nbsp;&nbsp;CLOCK_AttachClk
</UL>
<BR>[Called By]<UL><LI><a href="#[27]">&gt;&gt;</a>&nbsp;&nbsp;&nbsp;main
</UL>

<P><STRONG><a name="[60]"></a>BOARD_InitPins</STRONG> (Thumb, 120 bytes, Stack size 16 bytes, pin_mux.o(i.BOARD_InitPins))
<BR><BR>[Stack]<UL><LI>Max Depth = 16<LI>Call Chain = BOARD_InitPins
</UL>
<BR>[Calls]<UL><LI><a href="#[61]">&gt;&gt;</a>&nbsp;&nbsp;&nbsp;IOCON_PinMuxSet
</UL>
<BR>[Called By]<UL><LI><a href="#[27]">&gt;&gt;</a>&nbsp;&nbsp;&nbsp;main
</UL>

<P><STRONG><a name="[57]"></a>CLOCK_AttachClk</STRONG> (Thumb, 56 bytes, Stack size 12 bytes, fsl_clock.o(i.CLOCK_AttachClk))
<BR><BR>[Stack]<UL><LI>Max Depth = 12<LI>Call Chain = CLOCK_AttachClk
</UL>
<BR>[Called By]<UL><LI><a href="#[56]">&gt;&gt;</a>&nbsp;&nbsp;&nbsp;BOARD_BootClockFROHF96M
<LI><a href="#[5c]">&gt;&gt;</a>&nbsp;&nbsp;&nbsp;BOARD_InitDebugConsole
<LI><a href="#[27]">&gt;&gt;</a>&nbsp;&nbsp;&nbsp;main
</UL>

<P><STRONG><a name="[62]"></a>CLOCK_GetAsyncApbClkFreq</STRONG> (Thumb, 30 bytes, Stack size 8 bytes, fsl_clock.o(i.CLOCK_GetAsyncApbClkFreq))
<BR><BR>[Stack]<UL><LI>Max Depth = 36<LI>Call Chain = CLOCK_GetAsyncApbClkFreq &rArr; CLOCK_GetCoreSysClkFreq &rArr; CLOCK_GetWdtOscFreq &rArr; __aeabi_uidivmod
</UL>
<BR>[Calls]<UL><LI><a href="#[63]">&gt;&gt;</a>&nbsp;&nbsp;&nbsp;CLOCK_GetCoreSysClkFreq
</UL>
<BR>[Called By]<UL><LI><a href="#[5e]">&gt;&gt;</a>&nbsp;&nbsp;&nbsp;CLOCK_GetFreq
</UL>

<P><STRONG><a name="[63]"></a>CLOCK_GetCoreSysClkFreq</STRONG> (Thumb, 104 bytes, Stack size 8 bytes, fsl_clock.o(i.CLOCK_GetCoreSysClkFreq))
<BR><BR>[Stack]<UL><LI>Max Depth = 28<LI>Call Chain = CLOCK_GetCoreSysClkFreq &rArr; CLOCK_GetWdtOscFreq &rArr; __aeabi_uidivmod
</UL>
<BR>[Calls]<UL><LI><a href="#[65]">&gt;&gt;</a>&nbsp;&nbsp;&nbsp;CLOCK_GetWdtOscFreq
<LI><a href="#[66]">&gt;&gt;</a>&nbsp;&nbsp;&nbsp;CLOCK_GetFroHfFreq
<LI><a href="#[64]">&gt;&gt;</a>&nbsp;&nbsp;&nbsp;CLOCK_GetFro12MFreq
</UL>
<BR>[Called By]<UL><LI><a href="#[67]">&gt;&gt;</a>&nbsp;&nbsp;&nbsp;CLOCK_GetFRGInputClock
<LI><a href="#[62]">&gt;&gt;</a>&nbsp;&nbsp;&nbsp;CLOCK_GetAsyncApbClkFreq
<LI><a href="#[5e]">&gt;&gt;</a>&nbsp;&nbsp;&nbsp;CLOCK_GetFreq
</UL>

<P><STRONG><a name="[67]"></a>CLOCK_GetFRGInputClock</STRONG> (Thumb, 56 bytes, Stack size 8 bytes, fsl_clock.o(i.CLOCK_GetFRGInputClock))
<BR><BR>[Stack]<UL><LI>Max Depth = 36<LI>Call Chain = CLOCK_GetFRGInputClock &rArr; CLOCK_GetCoreSysClkFreq &rArr; CLOCK_GetWdtOscFreq &rArr; __aeabi_uidivmod
</UL>
<BR>[Calls]<UL><LI><a href="#[66]">&gt;&gt;</a>&nbsp;&nbsp;&nbsp;CLOCK_GetFroHfFreq
<LI><a href="#[64]">&gt;&gt;</a>&nbsp;&nbsp;&nbsp;CLOCK_GetFro12MFreq
<LI><a href="#[63]">&gt;&gt;</a>&nbsp;&nbsp;&nbsp;CLOCK_GetCoreSysClkFreq
</UL>
<BR>[Called By]<UL><LI><a href="#[5e]">&gt;&gt;</a>&nbsp;&nbsp;&nbsp;CLOCK_GetFreq
</UL>

<P><STRONG><a name="[68]"></a>CLOCK_GetFlexCommClkFreq</STRONG> (Thumb, 72 bytes, Stack size 8 bytes, fsl_clock.o(i.CLOCK_GetFlexCommClkFreq))
<BR><BR>[Stack]<UL><LI>Max Depth = 8 + In Cycle
<LI>Call Chain = CLOCK_GetFlexCommClkFreq &rArr;  CLOCK_GetFreq (Cycle)
</UL>
<BR>[Calls]<UL><LI><a href="#[66]">&gt;&gt;</a>&nbsp;&nbsp;&nbsp;CLOCK_GetFroHfFreq
<LI><a href="#[64]">&gt;&gt;</a>&nbsp;&nbsp;&nbsp;CLOCK_GetFro12MFreq
<LI><a href="#[5e]">&gt;&gt;</a>&nbsp;&nbsp;&nbsp;CLOCK_GetFreq
</UL>
<BR>[Called By]<UL><LI><a href="#[5e]">&gt;&gt;</a>&nbsp;&nbsp;&nbsp;CLOCK_GetFreq
</UL>

<P><STRONG><a name="[5e]"></a>CLOCK_GetFreq</STRONG> (Thumb, 196 bytes, Stack size 8 bytes, fsl_clock.o(i.CLOCK_GetFreq))
<BR><BR>[Stack]<UL><LI>Max Depth = 64<LI>Call Chain = CLOCK_GetFreq &rArr; __aeabi_uldivmod &rArr; __aeabi_llsr
</UL>
<BR>[Calls]<UL><LI><a href="#[69]">&gt;&gt;</a>&nbsp;&nbsp;&nbsp;__ARM_common_switch8
<LI><a href="#[65]">&gt;&gt;</a>&nbsp;&nbsp;&nbsp;CLOCK_GetWdtOscFreq
<LI><a href="#[66]">&gt;&gt;</a>&nbsp;&nbsp;&nbsp;CLOCK_GetFroHfFreq
<LI><a href="#[64]">&gt;&gt;</a>&nbsp;&nbsp;&nbsp;CLOCK_GetFro12MFreq
<LI><a href="#[68]">&gt;&gt;</a>&nbsp;&nbsp;&nbsp;CLOCK_GetFlexCommClkFreq
<LI><a href="#[67]">&gt;&gt;</a>&nbsp;&nbsp;&nbsp;CLOCK_GetFRGInputClock
<LI><a href="#[63]">&gt;&gt;</a>&nbsp;&nbsp;&nbsp;CLOCK_GetCoreSysClkFreq
<LI><a href="#[62]">&gt;&gt;</a>&nbsp;&nbsp;&nbsp;CLOCK_GetAsyncApbClkFreq
<LI><a href="#[4f]">&gt;&gt;</a>&nbsp;&nbsp;&nbsp;__aeabi_uldivmod
<LI><a href="#[4e]">&gt;&gt;</a>&nbsp;&nbsp;&nbsp;__aeabi_uidivmod
</UL>
<BR>[Called By]<UL><LI><a href="#[68]">&gt;&gt;</a>&nbsp;&nbsp;&nbsp;CLOCK_GetFlexCommClkFreq
<LI><a href="#[5c]">&gt;&gt;</a>&nbsp;&nbsp;&nbsp;BOARD_InitDebugConsole
</UL>

<P><STRONG><a name="[64]"></a>CLOCK_GetFro12MFreq</STRONG> (Thumb, 16 bytes, Stack size 0 bytes, fsl_clock.o(i.CLOCK_GetFro12MFreq))
<BR><BR>[Called By]<UL><LI><a href="#[68]">&gt;&gt;</a>&nbsp;&nbsp;&nbsp;CLOCK_GetFlexCommClkFreq
<LI><a href="#[67]">&gt;&gt;</a>&nbsp;&nbsp;&nbsp;CLOCK_GetFRGInputClock
<LI><a href="#[63]">&gt;&gt;</a>&nbsp;&nbsp;&nbsp;CLOCK_GetCoreSysClkFreq
<LI><a href="#[5e]">&gt;&gt;</a>&nbsp;&nbsp;&nbsp;CLOCK_GetFreq
</UL>

<P><STRONG><a name="[66]"></a>CLOCK_GetFroHfFreq</STRONG> (Thumb, 34 bytes, Stack size 0 bytes, fsl_clock.o(i.CLOCK_GetFroHfFreq))
<BR><BR>[Called By]<UL><LI><a href="#[68]">&gt;&gt;</a>&nbsp;&nbsp;&nbsp;CLOCK_GetFlexCommClkFreq
<LI><a href="#[67]">&gt;&gt;</a>&nbsp;&nbsp;&nbsp;CLOCK_GetFRGInputClock
<LI><a href="#[63]">&gt;&gt;</a>&nbsp;&nbsp;&nbsp;CLOCK_GetCoreSysClkFreq
<LI><a href="#[5e]">&gt;&gt;</a>&nbsp;&nbsp;&nbsp;CLOCK_GetFreq
</UL>

<P><STRONG><a name="[65]"></a>CLOCK_GetWdtOscFreq</STRONG> (Thumb, 46 bytes, Stack size 8 bytes, fsl_clock.o(i.CLOCK_GetWdtOscFreq))
<BR><BR>[Stack]<UL><LI>Max Depth = 20<LI>Call Chain = CLOCK_GetWdtOscFreq &rArr; __aeabi_uidivmod
</UL>
<BR>[Calls]<UL><LI><a href="#[4e]">&gt;&gt;</a>&nbsp;&nbsp;&nbsp;__aeabi_uidivmod
</UL>
<BR>[Called By]<UL><LI><a href="#[63]">&gt;&gt;</a>&nbsp;&nbsp;&nbsp;CLOCK_GetCoreSysClkFreq
<LI><a href="#[5e]">&gt;&gt;</a>&nbsp;&nbsp;&nbsp;CLOCK_GetFreq
</UL>

<P><STRONG><a name="[5b]"></a>CLOCK_SetClkDiv</STRONG> (Thumb, 30 bytes, Stack size 0 bytes, fsl_clock.o(i.CLOCK_SetClkDiv))
<BR><BR>[Called By]<UL><LI><a href="#[56]">&gt;&gt;</a>&nbsp;&nbsp;&nbsp;BOARD_BootClockFROHF96M
</UL>

<P><STRONG><a name="[59]"></a>CLOCK_SetFLASHAccessCyclesForFreq</STRONG> (Thumb, 50 bytes, Stack size 8 bytes, fsl_clock.o(i.CLOCK_SetFLASHAccessCyclesForFreq))
<BR><BR>[Stack]<UL><LI>Max Depth = 8<LI>Call Chain = CLOCK_SetFLASHAccessCyclesForFreq
</UL>
<BR>[Calls]<UL><LI><a href="#[6a]">&gt;&gt;</a>&nbsp;&nbsp;&nbsp;CLOCK_SetFLASHAccessCycles
</UL>
<BR>[Called By]<UL><LI><a href="#[56]">&gt;&gt;</a>&nbsp;&nbsp;&nbsp;BOARD_BootClockFROHF96M
</UL>

<P><STRONG><a name="[5a]"></a>CLOCK_SetupFROClocking</STRONG> (Thumb, 102 bytes, Stack size 16 bytes, fsl_clock.o(i.CLOCK_SetupFROClocking))
<BR><BR>[Stack]<UL><LI>Max Depth = 16<LI>Call Chain = CLOCK_SetupFROClocking
</UL>
<BR>[Calls]<UL><LI><a href="#[6b]">&gt;&gt;</a>&nbsp;&nbsp;&nbsp;POWER_DisablePD
</UL>
<BR>[Called By]<UL><LI><a href="#[56]">&gt;&gt;</a>&nbsp;&nbsp;&nbsp;BOARD_BootClockFROHF96M
</UL>

<P><STRONG><a name="[5f]"></a>DbgConsole_Init</STRONG> (Thumb, 100 bytes, Stack size 56 bytes, fsl_debug_console.o(i.DbgConsole_Init))
<BR><BR>[Stack]<UL><LI>Max Depth = 196<LI>Call Chain = DbgConsole_Init &rArr; SerialManager_Init &rArr; Serial_UartInit &rArr; HAL_UartInit &rArr; USART_Init &rArr; USART_SetBaudRate &rArr; __aeabi_uidivmod
</UL>
<BR>[Calls]<UL><LI><a href="#[6f]">&gt;&gt;</a>&nbsp;&nbsp;&nbsp;SerialManager_OpenWriteHandle
<LI><a href="#[70]">&gt;&gt;</a>&nbsp;&nbsp;&nbsp;SerialManager_OpenReadHandle
<LI><a href="#[6e]">&gt;&gt;</a>&nbsp;&nbsp;&nbsp;SerialManager_Init
<LI><a href="#[6d]">&gt;&gt;</a>&nbsp;&nbsp;&nbsp;__aeabi_memclr4
</UL>
<BR>[Called By]<UL><LI><a href="#[5c]">&gt;&gt;</a>&nbsp;&nbsp;&nbsp;BOARD_InitDebugConsole
</UL>

<P><STRONG><a name="[72]"></a>DbgConsole_Printf</STRONG> (Thumb, 42 bytes, Stack size 152 bytes, fsl_debug_console.o(i.DbgConsole_Printf))
<BR><BR>[Stack]<UL><LI>Max Depth = 316<LI>Call Chain = DbgConsole_Printf &rArr; StrFormatPrintf &rArr; ConvertRadixNumToString &rArr; __aeabi_idivmod &rArr; __aeabi_uidivmod
</UL>
<BR>[Calls]<UL><LI><a href="#[6d]">&gt;&gt;</a>&nbsp;&nbsp;&nbsp;__aeabi_memclr4
<LI><a href="#[73]">&gt;&gt;</a>&nbsp;&nbsp;&nbsp;StrFormatPrintf
<LI><a href="#[71]">&gt;&gt;</a>&nbsp;&nbsp;&nbsp;DbgConsole_SendData
</UL>
<BR>[Called By]<UL><LI><a href="#[27]">&gt;&gt;</a>&nbsp;&nbsp;&nbsp;main
</UL>

<P><STRONG><a name="[71]"></a>DbgConsole_SendData</STRONG> (Thumb, 40 bytes, Stack size 8 bytes, fsl_debug_console.o(i.DbgConsole_SendData))
<BR><BR>[Stack]<UL><LI>Max Depth = 40<LI>Call Chain = DbgConsole_SendData &rArr; SerialManager_WriteBlocking &rArr; Serial_UartWrite &rArr; HAL_UartSendBlocking &rArr; USART_WriteBlocking
</UL>
<BR>[Calls]<UL><LI><a href="#[74]">&gt;&gt;</a>&nbsp;&nbsp;&nbsp;SerialManager_WriteBlocking
</UL>
<BR>[Called By]<UL><LI><a href="#[4a]">&gt;&gt;</a>&nbsp;&nbsp;&nbsp;DbgConsole_PrintCallback
<LI><a href="#[72]">&gt;&gt;</a>&nbsp;&nbsp;&nbsp;DbgConsole_Printf
</UL>

<P><STRONG><a name="[38]"></a>FLEXCOMM0_DriverIRQHandler</STRONG> (Thumb, 24 bytes, Stack size 8 bytes, fsl_flexcomm.o(i.FLEXCOMM0_DriverIRQHandler))
<BR><BR>[Stack]<UL><LI>Max Depth = 8<LI>Call Chain = FLEXCOMM0_DriverIRQHandler
</UL>
<BR>[Address Reference Count : 1]<UL><LI> startup_lpc51u68.o(.text)
</UL>
<P><STRONG><a name="[39]"></a>FLEXCOMM1_DriverIRQHandler</STRONG> (Thumb, 24 bytes, Stack size 8 bytes, fsl_flexcomm.o(i.FLEXCOMM1_DriverIRQHandler))
<BR><BR>[Stack]<UL><LI>Max Depth = 8<LI>Call Chain = FLEXCOMM1_DriverIRQHandler
</UL>
<BR>[Address Reference Count : 1]<UL><LI> startup_lpc51u68.o(.text)
</UL>
<P><STRONG><a name="[3a]"></a>FLEXCOMM2_DriverIRQHandler</STRONG> (Thumb, 24 bytes, Stack size 8 bytes, fsl_flexcomm.o(i.FLEXCOMM2_DriverIRQHandler))
<BR><BR>[Stack]<UL><LI>Max Depth = 8<LI>Call Chain = FLEXCOMM2_DriverIRQHandler
</UL>
<BR>[Address Reference Count : 1]<UL><LI> startup_lpc51u68.o(.text)
</UL>
<P><STRONG><a name="[3b]"></a>FLEXCOMM3_DriverIRQHandler</STRONG> (Thumb, 24 bytes, Stack size 8 bytes, fsl_flexcomm.o(i.FLEXCOMM3_DriverIRQHandler))
<BR><BR>[Stack]<UL><LI>Max Depth = 8<LI>Call Chain = FLEXCOMM3_DriverIRQHandler
</UL>
<BR>[Address Reference Count : 1]<UL><LI> startup_lpc51u68.o(.text)
</UL>
<P><STRONG><a name="[3c]"></a>FLEXCOMM4_DriverIRQHandler</STRONG> (Thumb, 24 bytes, Stack size 8 bytes, fsl_flexcomm.o(i.FLEXCOMM4_DriverIRQHandler))
<BR><BR>[Stack]<UL><LI>Max Depth = 8<LI>Call Chain = FLEXCOMM4_DriverIRQHandler
</UL>
<BR>[Address Reference Count : 1]<UL><LI> startup_lpc51u68.o(.text)
</UL>
<P><STRONG><a name="[3d]"></a>FLEXCOMM5_DriverIRQHandler</STRONG> (Thumb, 24 bytes, Stack size 8 bytes, fsl_flexcomm.o(i.FLEXCOMM5_DriverIRQHandler))
<BR><BR>[Stack]<UL><LI>Max Depth = 8<LI>Call Chain = FLEXCOMM5_DriverIRQHandler
</UL>
<BR>[Address Reference Count : 1]<UL><LI> startup_lpc51u68.o(.text)
</UL>
<P><STRONG><a name="[3e]"></a>FLEXCOMM6_DriverIRQHandler</STRONG> (Thumb, 24 bytes, Stack size 8 bytes, fsl_flexcomm.o(i.FLEXCOMM6_DriverIRQHandler))
<BR><BR>[Stack]<UL><LI>Max Depth = 8<LI>Call Chain = FLEXCOMM6_DriverIRQHandler
</UL>
<BR>[Address Reference Count : 1]<UL><LI> startup_lpc51u68.o(.text)
</UL>
<P><STRONG><a name="[3f]"></a>FLEXCOMM7_DriverIRQHandler</STRONG> (Thumb, 24 bytes, Stack size 8 bytes, fsl_flexcomm.o(i.FLEXCOMM7_DriverIRQHandler))
<BR><BR>[Stack]<UL><LI>Max Depth = 8<LI>Call Chain = FLEXCOMM7_DriverIRQHandler
</UL>
<BR>[Address Reference Count : 1]<UL><LI> startup_lpc51u68.o(.text)
</UL>
<P><STRONG><a name="[76]"></a>FLEXCOMM_GetInstance</STRONG> (Thumb, 28 bytes, Stack size 8 bytes, fsl_flexcomm.o(i.FLEXCOMM_GetInstance))
<BR><BR>[Stack]<UL><LI>Max Depth = 8<LI>Call Chain = FLEXCOMM_GetInstance
</UL>
<BR>[Called By]<UL><LI><a href="#[75]">&gt;&gt;</a>&nbsp;&nbsp;&nbsp;FLEXCOMM_Init
</UL>

<P><STRONG><a name="[75]"></a>FLEXCOMM_Init</STRONG> (Thumb, 134 bytes, Stack size 16 bytes, fsl_flexcomm.o(i.FLEXCOMM_Init))
<BR><BR>[Stack]<UL><LI>Max Depth = 32<LI>Call Chain = FLEXCOMM_Init &rArr; RESET_PeripheralReset &rArr; RESET_SetPeripheralReset
</UL>
<BR>[Calls]<UL><LI><a href="#[5d]">&gt;&gt;</a>&nbsp;&nbsp;&nbsp;RESET_PeripheralReset
<LI><a href="#[76]">&gt;&gt;</a>&nbsp;&nbsp;&nbsp;FLEXCOMM_GetInstance
</UL>
<BR>[Called By]<UL><LI><a href="#[7a]">&gt;&gt;</a>&nbsp;&nbsp;&nbsp;USART_Init
</UL>

<P><STRONG><a name="[86]"></a>GPIO_PinInit</STRONG> (Thumb, 56 bytes, Stack size 16 bytes, fsl_gpio.o(i.GPIO_PinInit))
<BR><BR>[Stack]<UL><LI>Max Depth = 16<LI>Call Chain = GPIO_PinInit
</UL>
<BR>[Called By]<UL><LI><a href="#[27]">&gt;&gt;</a>&nbsp;&nbsp;&nbsp;main
</UL>

<P><STRONG><a name="[77]"></a>GPIO_PortInit</STRONG> (Thumb, 56 bytes, Stack size 8 bytes, fsl_gpio.o(i.GPIO_PortInit))
<BR><BR>[Stack]<UL><LI>Max Depth = 24<LI>Call Chain = GPIO_PortInit &rArr; RESET_PeripheralReset &rArr; RESET_SetPeripheralReset
</UL>
<BR>[Calls]<UL><LI><a href="#[5d]">&gt;&gt;</a>&nbsp;&nbsp;&nbsp;RESET_PeripheralReset
</UL>
<BR>[Called By]<UL><LI><a href="#[27]">&gt;&gt;</a>&nbsp;&nbsp;&nbsp;main
</UL>

<P><STRONG><a name="[78]"></a>HAL_UartInit</STRONG> (Thumb, 150 bytes, Stack size 32 bytes, usart_adapter.o(i.HAL_UartInit))
<BR><BR>[Stack]<UL><LI>Max Depth = 108<LI>Call Chain = HAL_UartInit &rArr; USART_Init &rArr; USART_SetBaudRate &rArr; __aeabi_uidivmod
</UL>
<BR>[Calls]<UL><LI><a href="#[7a]">&gt;&gt;</a>&nbsp;&nbsp;&nbsp;USART_Init
<LI><a href="#[79]">&gt;&gt;</a>&nbsp;&nbsp;&nbsp;USART_GetDefaultConfig
<LI><a href="#[7b]">&gt;&gt;</a>&nbsp;&nbsp;&nbsp;HAL_UartGetStatus
</UL>
<BR>[Called By]<UL><LI><a href="#[81]">&gt;&gt;</a>&nbsp;&nbsp;&nbsp;Serial_UartInit
</UL>

<P><STRONG><a name="[7c]"></a>HAL_UartSendBlocking</STRONG> (Thumb, 34 bytes, Stack size 8 bytes, usart_adapter.o(i.HAL_UartSendBlocking))
<BR><BR>[Stack]<UL><LI>Max Depth = 16<LI>Call Chain = HAL_UartSendBlocking &rArr; USART_WriteBlocking
</UL>
<BR>[Calls]<UL><LI><a href="#[7d]">&gt;&gt;</a>&nbsp;&nbsp;&nbsp;USART_WriteBlocking
</UL>
<BR>[Called By]<UL><LI><a href="#[82]">&gt;&gt;</a>&nbsp;&nbsp;&nbsp;Serial_UartWrite
</UL>

<P><STRONG><a name="[58]"></a>POWER_SetVoltageForFreq</STRONG> (Thumb, 260 bytes, Stack size 8 bytes, fsl_power_lib.o(i.POWER_SetVoltageForFreq))
<BR><BR>[Stack]<UL><LI>Max Depth = 16<LI>Call Chain = POWER_SetVoltageForFreq &rArr; POWER_setVdLevel
</UL>
<BR>[Calls]<UL><LI><a href="#[7e]">&gt;&gt;</a>&nbsp;&nbsp;&nbsp;POWER_setVdLevel
</UL>
<BR>[Called By]<UL><LI><a href="#[56]">&gt;&gt;</a>&nbsp;&nbsp;&nbsp;BOARD_BootClockFROHF96M
</UL>

<P><STRONG><a name="[80]"></a>RESET_ClearPeripheralReset</STRONG> (Thumb, 54 bytes, Stack size 8 bytes, fsl_reset.o(i.RESET_ClearPeripheralReset))
<BR><BR>[Stack]<UL><LI>Max Depth = 8<LI>Call Chain = RESET_ClearPeripheralReset
</UL>
<BR>[Called By]<UL><LI><a href="#[5d]">&gt;&gt;</a>&nbsp;&nbsp;&nbsp;RESET_PeripheralReset
</UL>

<P><STRONG><a name="[5d]"></a>RESET_PeripheralReset</STRONG> (Thumb, 16 bytes, Stack size 8 bytes, fsl_reset.o(i.RESET_PeripheralReset))
<BR><BR>[Stack]<UL><LI>Max Depth = 16<LI>Call Chain = RESET_PeripheralReset &rArr; RESET_SetPeripheralReset
</UL>
<BR>[Calls]<UL><LI><a href="#[7f]">&gt;&gt;</a>&nbsp;&nbsp;&nbsp;RESET_SetPeripheralReset
<LI><a href="#[80]">&gt;&gt;</a>&nbsp;&nbsp;&nbsp;RESET_ClearPeripheralReset
</UL>
<BR>[Called By]<UL><LI><a href="#[5c]">&gt;&gt;</a>&nbsp;&nbsp;&nbsp;BOARD_InitDebugConsole
<LI><a href="#[77]">&gt;&gt;</a>&nbsp;&nbsp;&nbsp;GPIO_PortInit
<LI><a href="#[75]">&gt;&gt;</a>&nbsp;&nbsp;&nbsp;FLEXCOMM_Init
</UL>

<P><STRONG><a name="[7f]"></a>RESET_SetPeripheralReset</STRONG> (Thumb, 50 bytes, Stack size 8 bytes, fsl_reset.o(i.RESET_SetPeripheralReset))
<BR><BR>[Stack]<UL><LI>Max Depth = 8<LI>Call Chain = RESET_SetPeripheralReset
</UL>
<BR>[Called By]<UL><LI><a href="#[5d]">&gt;&gt;</a>&nbsp;&nbsp;&nbsp;RESET_PeripheralReset
</UL>

<P><STRONG><a name="[6e]"></a>SerialManager_Init</STRONG> (Thumb, 52 bytes, Stack size 8 bytes, serial_manager.o(i.SerialManager_Init))
<BR><BR>[Stack]<UL><LI>Max Depth = 140<LI>Call Chain = SerialManager_Init &rArr; Serial_UartInit &rArr; HAL_UartInit &rArr; USART_Init &rArr; USART_SetBaudRate &rArr; __aeabi_uidivmod
</UL>
<BR>[Calls]<UL><LI><a href="#[81]">&gt;&gt;</a>&nbsp;&nbsp;&nbsp;Serial_UartInit
</UL>
<BR>[Called By]<UL><LI><a href="#[5f]">&gt;&gt;</a>&nbsp;&nbsp;&nbsp;DbgConsole_Init
</UL>

<P><STRONG><a name="[70]"></a>SerialManager_OpenReadHandle</STRONG> (Thumb, 46 bytes, Stack size 16 bytes, serial_manager.o(i.SerialManager_OpenReadHandle))
<BR><BR>[Stack]<UL><LI>Max Depth = 16<LI>Call Chain = SerialManager_OpenReadHandle
</UL>
<BR>[Calls]<UL><LI><a href="#[52]">&gt;&gt;</a>&nbsp;&nbsp;&nbsp;__aeabi_memclr
</UL>
<BR>[Called By]<UL><LI><a href="#[5f]">&gt;&gt;</a>&nbsp;&nbsp;&nbsp;DbgConsole_Init
</UL>

<P><STRONG><a name="[6f]"></a>SerialManager_OpenWriteHandle</STRONG> (Thumb, 40 bytes, Stack size 16 bytes, serial_manager.o(i.SerialManager_OpenWriteHandle))
<BR><BR>[Stack]<UL><LI>Max Depth = 16<LI>Call Chain = SerialManager_OpenWriteHandle
</UL>
<BR>[Calls]<UL><LI><a href="#[52]">&gt;&gt;</a>&nbsp;&nbsp;&nbsp;__aeabi_memclr
</UL>
<BR>[Called By]<UL><LI><a href="#[5f]">&gt;&gt;</a>&nbsp;&nbsp;&nbsp;DbgConsole_Init
</UL>

<P><STRONG><a name="[74]"></a>SerialManager_WriteBlocking</STRONG> (Thumb, 42 bytes, Stack size 8 bytes, serial_manager.o(i.SerialManager_WriteBlocking))
<BR><BR>[Stack]<UL><LI>Max Depth = 32<LI>Call Chain = SerialManager_WriteBlocking &rArr; Serial_UartWrite &rArr; HAL_UartSendBlocking &rArr; USART_WriteBlocking
</UL>
<BR>[Calls]<UL><LI><a href="#[82]">&gt;&gt;</a>&nbsp;&nbsp;&nbsp;Serial_UartWrite
</UL>
<BR>[Called By]<UL><LI><a href="#[71]">&gt;&gt;</a>&nbsp;&nbsp;&nbsp;DbgConsole_SendData
</UL>

<P><STRONG><a name="[81]"></a>Serial_UartInit</STRONG> (Thumb, 62 bytes, Stack size 24 bytes, serial_port_uart.o(i.Serial_UartInit))
<BR><BR>[Stack]<UL><LI>Max Depth = 132<LI>Call Chain = Serial_UartInit &rArr; HAL_UartInit &rArr; USART_Init &rArr; USART_SetBaudRate &rArr; __aeabi_uidivmod
</UL>
<BR>[Calls]<UL><LI><a href="#[78]">&gt;&gt;</a>&nbsp;&nbsp;&nbsp;HAL_UartInit
</UL>
<BR>[Called By]<UL><LI><a href="#[6e]">&gt;&gt;</a>&nbsp;&nbsp;&nbsp;SerialManager_Init
</UL>

<P><STRONG><a name="[82]"></a>Serial_UartWrite</STRONG> (Thumb, 24 bytes, Stack size 8 bytes, serial_port_uart.o(i.Serial_UartWrite))
<BR><BR>[Stack]<UL><LI>Max Depth = 24<LI>Call Chain = Serial_UartWrite &rArr; HAL_UartSendBlocking &rArr; USART_WriteBlocking
</UL>
<BR>[Calls]<UL><LI><a href="#[7c]">&gt;&gt;</a>&nbsp;&nbsp;&nbsp;HAL_UartSendBlocking
</UL>
<BR>[Called By]<UL><LI><a href="#[74]">&gt;&gt;</a>&nbsp;&nbsp;&nbsp;SerialManager_WriteBlocking
</UL>

<P><STRONG><a name="[73]"></a>StrFormatPrintf</STRONG> (Thumb, 386 bytes, Stack size 112 bytes, fsl_str.o(i.StrFormatPrintf))
<BR><BR>[Stack]<UL><LI>Max Depth = 164<LI>Call Chain = StrFormatPrintf &rArr; ConvertRadixNumToString &rArr; __aeabi_idivmod &rArr; __aeabi_uidivmod
</UL>
<BR>[Calls]<UL><LI><a href="#[83]">&gt;&gt;</a>&nbsp;&nbsp;&nbsp;strlen
<LI><a href="#[6c]">&gt;&gt;</a>&nbsp;&nbsp;&nbsp;ConvertRadixNumToString
</UL>
<BR>[Called By]<UL><LI><a href="#[72]">&gt;&gt;</a>&nbsp;&nbsp;&nbsp;DbgConsole_Printf
</UL>

<P><STRONG><a name="[28]"></a>SystemInit</STRONG> (Thumb, 8 bytes, Stack size 0 bytes, system_lpc51u68.o(i.SystemInit))
<BR>[Address Reference Count : 1]<UL><LI> startup_lpc51u68.o(.text)
</UL>
<P><STRONG><a name="[79]"></a>USART_GetDefaultConfig</STRONG> (Thumb, 42 bytes, Stack size 8 bytes, fsl_usart.o(i.USART_GetDefaultConfig))
<BR><BR>[Stack]<UL><LI>Max Depth = 8<LI>Call Chain = USART_GetDefaultConfig
</UL>
<BR>[Called By]<UL><LI><a href="#[78]">&gt;&gt;</a>&nbsp;&nbsp;&nbsp;HAL_UartInit
</UL>

<P><STRONG><a name="[7a]"></a>USART_Init</STRONG> (Thumb, 178 bytes, Stack size 16 bytes, fsl_usart.o(i.USART_Init))
<BR><BR>[Stack]<UL><LI>Max Depth = 76<LI>Call Chain = USART_Init &rArr; USART_SetBaudRate &rArr; __aeabi_uidivmod
</UL>
<BR>[Calls]<UL><LI><a href="#[84]">&gt;&gt;</a>&nbsp;&nbsp;&nbsp;USART_SetBaudRate
<LI><a href="#[75]">&gt;&gt;</a>&nbsp;&nbsp;&nbsp;FLEXCOMM_Init
</UL>
<BR>[Called By]<UL><LI><a href="#[78]">&gt;&gt;</a>&nbsp;&nbsp;&nbsp;HAL_UartInit
</UL>

<P><STRONG><a name="[84]"></a>USART_SetBaudRate</STRONG> (Thumb, 124 bytes, Stack size 48 bytes, fsl_usart.o(i.USART_SetBaudRate))
<BR><BR>[Stack]<UL><LI>Max Depth = 60<LI>Call Chain = USART_SetBaudRate &rArr; __aeabi_uidivmod
</UL>
<BR>[Calls]<UL><LI><a href="#[4e]">&gt;&gt;</a>&nbsp;&nbsp;&nbsp;__aeabi_uidivmod
</UL>
<BR>[Called By]<UL><LI><a href="#[7a]">&gt;&gt;</a>&nbsp;&nbsp;&nbsp;USART_Init
</UL>

<P><STRONG><a name="[7d]"></a>USART_WriteBlocking</STRONG> (Thumb, 54 bytes, Stack size 8 bytes, fsl_usart.o(i.USART_WriteBlocking))
<BR><BR>[Stack]<UL><LI>Max Depth = 8<LI>Call Chain = USART_WriteBlocking
</UL>
<BR>[Called By]<UL><LI><a href="#[7c]">&gt;&gt;</a>&nbsp;&nbsp;&nbsp;HAL_UartSendBlocking
</UL>

<P><STRONG><a name="[69]"></a>__ARM_common_switch8</STRONG> (Thumb, 26 bytes, Stack size 8 bytes, fsl_clock.o(i.__ARM_common_switch8))
<BR><BR>[Stack]<UL><LI>Max Depth = 8<LI>Call Chain = __ARM_common_switch8
</UL>
<BR>[Called By]<UL><LI><a href="#[5e]">&gt;&gt;</a>&nbsp;&nbsp;&nbsp;CLOCK_GetFreq
</UL>

<P><STRONG><a name="[95]"></a>__scatterload_copy</STRONG> (Thumb, 14 bytes, Stack size unknown bytes, handlers.o(i.__scatterload_copy), UNUSED)

<P><STRONG><a name="[96]"></a>__scatterload_null</STRONG> (Thumb, 2 bytes, Stack size unknown bytes, handlers.o(i.__scatterload_null), UNUSED)

<P><STRONG><a name="[97]"></a>__scatterload_zeroinit</STRONG> (Thumb, 14 bytes, Stack size unknown bytes, handlers.o(i.__scatterload_zeroinit), UNUSED)

<P><STRONG><a name="[27]"></a>main</STRONG> (Thumb, 194 bytes, Stack size 16 bytes, gpio_led_output.o(i.main))
<BR><BR>[Stack]<UL><LI>Max Depth = 332<LI>Call Chain = main &rArr; DbgConsole_Printf &rArr; StrFormatPrintf &rArr; ConvertRadixNumToString &rArr; __aeabi_idivmod &rArr; __aeabi_uidivmod
</UL>
<BR>[Calls]<UL><LI><a href="#[60]">&gt;&gt;</a>&nbsp;&nbsp;&nbsp;BOARD_InitPins
<LI><a href="#[56]">&gt;&gt;</a>&nbsp;&nbsp;&nbsp;BOARD_BootClockFROHF96M
<LI><a href="#[57]">&gt;&gt;</a>&nbsp;&nbsp;&nbsp;CLOCK_AttachClk
<LI><a href="#[5c]">&gt;&gt;</a>&nbsp;&nbsp;&nbsp;BOARD_InitDebugConsole
<LI><a href="#[72]">&gt;&gt;</a>&nbsp;&nbsp;&nbsp;DbgConsole_Printf
<LI><a href="#[85]">&gt;&gt;</a>&nbsp;&nbsp;&nbsp;CLOCK_EnableClock
<LI><a href="#[77]">&gt;&gt;</a>&nbsp;&nbsp;&nbsp;GPIO_PortInit
<LI><a href="#[86]">&gt;&gt;</a>&nbsp;&nbsp;&nbsp;GPIO_PinInit
</UL>
<BR>[Address Reference Count : 1]<UL><LI> entry9a.o(.ARM.Collect$$$$0000000B)
</UL><P>
<H3>
Local Symbols
</H3>
<P><STRONG><a name="[61]"></a>IOCON_PinMuxSet</STRONG> (Thumb, 10 bytes, Stack size 0 bytes, pin_mux.o(i.IOCON_PinMuxSet))
<BR><BR>[Called By]<UL><LI><a href="#[60]">&gt;&gt;</a>&nbsp;&nbsp;&nbsp;BOARD_InitPins
</UL>

<P><STRONG><a name="[7b]"></a>HAL_UartGetStatus</STRONG> (Thumb, 8 bytes, Stack size 0 bytes, usart_adapter.o(i.HAL_UartGetStatus))
<BR><BR>[Called By]<UL><LI><a href="#[78]">&gt;&gt;</a>&nbsp;&nbsp;&nbsp;HAL_UartInit
</UL>

<P><STRONG><a name="[6a]"></a>CLOCK_SetFLASHAccessCycles</STRONG> (Thumb, 18 bytes, Stack size 0 bytes, fsl_clock.o(i.CLOCK_SetFLASHAccessCycles))
<BR><BR>[Called By]<UL><LI><a href="#[59]">&gt;&gt;</a>&nbsp;&nbsp;&nbsp;CLOCK_SetFLASHAccessCyclesForFreq
</UL>

<P><STRONG><a name="[6b]"></a>POWER_DisablePD</STRONG> (Thumb, 16 bytes, Stack size 0 bytes, fsl_clock.o(i.POWER_DisablePD))
<BR><BR>[Called By]<UL><LI><a href="#[5a]">&gt;&gt;</a>&nbsp;&nbsp;&nbsp;CLOCK_SetupFROClocking
</UL>

<P><STRONG><a name="[85]"></a>CLOCK_EnableClock</STRONG> (Thumb, 26 bytes, Stack size 0 bytes, gpio_led_output.o(i.CLOCK_EnableClock))
<BR><BR>[Called By]<UL><LI><a href="#[27]">&gt;&gt;</a>&nbsp;&nbsp;&nbsp;main
</UL>

<P><STRONG><a name="[4a]"></a>DbgConsole_PrintCallback</STRONG> (Thumb, 54 bytes, Stack size 40 bytes, fsl_debug_console.o(i.DbgConsole_PrintCallback))
<BR><BR>[Stack]<UL><LI>Max Depth = 80<LI>Call Chain = DbgConsole_PrintCallback &rArr; DbgConsole_SendData &rArr; SerialManager_WriteBlocking &rArr; Serial_UartWrite &rArr; HAL_UartSendBlocking &rArr; USART_WriteBlocking
</UL>
<BR>[Calls]<UL><LI><a href="#[71]">&gt;&gt;</a>&nbsp;&nbsp;&nbsp;DbgConsole_SendData
</UL>
<BR>[Address Reference Count : 1]<UL><LI> fsl_debug_console.o(i.DbgConsole_Printf)
</UL>
<P><STRONG><a name="[6c]"></a>ConvertRadixNumToString</STRONG> (Thumb, 124 bytes, Stack size 24 bytes, fsl_str.o(i.ConvertRadixNumToString))
<BR><BR>[Stack]<UL><LI>Max Depth = 52<LI>Call Chain = ConvertRadixNumToString &rArr; __aeabi_idivmod &rArr; __aeabi_uidivmod
</UL>
<BR>[Calls]<UL><LI><a href="#[4d]">&gt;&gt;</a>&nbsp;&nbsp;&nbsp;__aeabi_idivmod
<LI><a href="#[4e]">&gt;&gt;</a>&nbsp;&nbsp;&nbsp;__aeabi_uidivmod
</UL>
<BR>[Called By]<UL><LI><a href="#[73]">&gt;&gt;</a>&nbsp;&nbsp;&nbsp;StrFormatPrintf
</UL>

<P><STRONG><a name="[7e]"></a>POWER_setVdLevel</STRONG> (Thumb, 16 bytes, Stack size 8 bytes, fsl_power_lib.o(i.POWER_setVdLevel))
<BR><BR>[Stack]<UL><LI>Max Depth = 8<LI>Call Chain = POWER_setVdLevel
</UL>
<BR>[Called By]<UL><LI><a href="#[58]">&gt;&gt;</a>&nbsp;&nbsp;&nbsp;POWER_SetVoltageForFreq
</UL>
<P>
<H3>
Undefined Global Symbols
</H3><HR></body></html>
